[realinvisibleg.tribeplatform.com/index.html]
[realinvisibleg.tribeplatform.com/members.html]
[realinvisibleg.tribeplatform.com/spaces.html]
[realinvisibleg.tribeplatform.com/health-eo1pe9r0.html]
[realinvisibleg.tribeplatform.com/global-warming-caprox9o.html]
[realinvisibleg.tribeplatform.com/science-kloyc27p.html]
[realinvisibleg.tribeplatform.com/space-hwzuu79k.html]
[realinvisibleg.tribeplatform.com/technology-3lqgha49.html]
[realinvisibleg.tribeplatform.com/media-ci9bhv59.html]
[realinvisibleg.tribeplatform.com/transport-pec2eokd.html]
[realinvisibleg.tribeplatform.com/sports-sdy16ouk.html]
[realinvisibleg.tribeplatform.com/arts-2zfe2qed.html]
[unpkg.com/eventemitter3@latest/umd/eventemitter3.min.b.delayed]
[backblue.gif]
[fade.gif]
[index.html]
[unpkg.com/eventemitter3@4.0.7/umd/eventemitter3.min.js]
[tribe-s3-production.imgix.net/tlw3jRyZwj2HRqqMegCyHf31d.png]
[tribe-s3-production.imgix.net/tlw3jRyZwj2HRqqMegCyHfe68.png]
[realinvisibleg.tribeplatform.com/rss/feed]
[realinvisibleg.tribeplatform.com/manifest.json]
[tribe-campfire.t-assets.net/neo/3.53.1-3810/static/css/SlateApp.883f8e18.chunk.css]
[tribe-campfire.t-assets.net/neo/3.53.1-3810/static/css/client.d7d56fb2.css]
[tribe-campfire.t-assets.net/neo/3.53.1-3810/static/js/client.2a136df9.js]
[tribe-s3-production.imgix.net/5eRjrFtV0eso8e9EZf0k22dbe.png]
[tribe-campfire.t-assets.net/neo/3.53.1-3810/static/js/SlateApp.4eb2113e.chunk.js]
[realinvisibleg.tribeplatform.com/auth/login.html]
[realinvisibleg.tribeplatform.com/auth/signup.html]
[realinvisibleg.tribeplatform.com/member/GUEST_c4S8PEW4AVoixE7.html]
[realinvisibleg.tribeplatform.com/index.html]
[realinvisibleg.tribeplatform.com/members.html]
[realinvisibleg.tribeplatform.com/spaces.html]
[realinvisibleg.tribeplatform.com/sw.js]
[realinvisibleg.tribeplatform.com/rss/LsFgTQryHApd/posts]
[tribe-s3-production.imgix.net/fK6Anb6oiVam57A4R2wia274e.jpg]
[realinvisibleg.tribeplatform.com/health-eo1pe9r0.html]
[realinvisibleg.tribeplatform.com/health-eo1pe9r0/members.html]
[realinvisibleg.tribeplatform.com/rss/CCkBTwqXZiS3/posts]
[tribe-s3-production.imgix.net/Brv1Ql4tvk6GqsmM5q1qC274e.jpg]
[realinvisibleg.tribeplatform.com/global-warming-caprox9o.html]
[realinvisibleg.tribeplatform.com/global-warming-caprox9o/members.html]
[realinvisibleg.tribeplatform.com/rss/Ic9GNHJHNzq8/posts]
[tribe-s3-production.imgix.net/nJgeGkf6VCJDhzfpMXL5x274e.jpg]
[realinvisibleg.tribeplatform.com/science-kloyc27p.html]
[realinvisibleg.tribeplatform.com/science-kloyc27p/members.html]
[realinvisibleg.tribeplatform.com/rss/4om9JpciVtym/posts]
[tribe-s3-production.imgix.net/2LSxWVJcfkvNgP1aliUVs274e.jpg]
[realinvisibleg.tribeplatform.com/space-hwzuu79k.html]
[realinvisibleg.tribeplatform.com/space-hwzuu79k/members.html]
[realinvisibleg.tribeplatform.com/rss/euZWA3ayMOjY/posts]
[tribe-s3-production.imgix.net/YxtoklOlOZ1Oi7s0bYkD5274e.jpg]
[realinvisibleg.tribeplatform.com/technology-3lqgha49.html]
[realinvisibleg.tribeplatform.com/technology-3lqgha49/members.html]
[realinvisibleg.tribeplatform.com/rss/cobtz8x0UINa/posts]
[tribe-s3-production.imgix.net/K2jf8lA252finJyGhsdBa274e.jpg]
[realinvisibleg.tribeplatform.com/media-ci9bhv59.html]
[realinvisibleg.tribeplatform.com/media-ci9bhv59/members.html]
[realinvisibleg.tribeplatform.com/rss/f02vPSdzZpbh/posts]
[tribe-s3-production.imgix.net/p6YjwudoeSF7YsYUU0qjX274e.jpg]
[realinvisibleg.tribeplatform.com/transport-pec2eokd.html]
[realinvisibleg.tribeplatform.com/transport-pec2eokd/members.html]
[realinvisibleg.tribeplatform.com/rss/cMPNRDWspSxW/posts]
[tribe-s3-production.imgix.net/ozS2Zgl8R8aAAUgH0zoWv274e.jpg]
[realinvisibleg.tribeplatform.com/sports-sdy16ouk.html]
[realinvisibleg.tribeplatform.com/sports-sdy16ouk/members.html]
[realinvisibleg.tribeplatform.com/rss/X2WTfhmVNgTD/posts]
[tribe-s3-production.imgix.net/102V8Noxqo71qBG7WGuXs274e.jpg]
[realinvisibleg.tribeplatform.com/arts-2zfe2qed.html]
[tribe-campfire.t-assets.net/neo/3.53.1-3810/static/css/SlateApp.883f8e18.chunk.css]
[tribe-campfire.t-assets.net/neo/3.53.1-3810/static/css/client.d7d56fb2.css]
[realinvisibleg.tribeplatform.com/arts-2zfe2qed/members.html]
[realinvisibleg.tribeplatform.com/auth/login.html]
[realinvisibleg.tribeplatform.com/auth/signup.html]
[realinvisibleg.tribeplatform.com/member/GUEST_c4S8PEW4AVoixE7.html]
[realinvisibleg.tribeplatform.com/health-eo1pe9r0/members.html]
[realinvisibleg.tribeplatform.com/auth/forgot-password.html]
[realinvisibleg.tribeplatform.com/global-warming-caprox9o/members.html]
[realinvisibleg.tribeplatform.com/science-kloyc27p/members.html]
[realinvisibleg.tribeplatform.com/space-hwzuu79k/members.html]
[realinvisibleg.tribeplatform.com/technology-3lqgha49/members.html]
[realinvisibleg.tribeplatform.com/media-ci9bhv59/members.html]
[realinvisibleg.tribeplatform.com/transport-pec2eokd/members.html]
[realinvisibleg.tribeplatform.com/sports-sdy16ouk/members.html]
[realinvisibleg.tribeplatform.com/arts-2zfe2qed/members.html]
[realinvisibleg.tribeplatform.com/auth/forgot-password.html]
